running develop
running egg_info
creating f1tenth_control.egg-info
writing f1tenth_control.egg-info/PKG-INFO
writing dependency_links to f1tenth_control.egg-info/dependency_links.txt
writing entry points to f1tenth_control.egg-info/entry_points.txt
writing requirements to f1tenth_control.egg-info/requires.txt
writing top-level names to f1tenth_control.egg-info/top_level.txt
writing manifest file 'f1tenth_control.egg-info/SOURCES.txt'
reading manifest file 'f1tenth_control.egg-info/SOURCES.txt'
writing manifest file 'f1tenth_control.egg-info/SOURCES.txt'
running build_ext
Creating /ws/install/f1tenth_control/lib/python3.12/site-packages/f1tenth-control.egg-link (link to .)
Installing pure_pursuit script to /ws/install/f1tenth_control/lib/f1tenth_control
Installing sim_bridge script to /ws/install/f1tenth_control/lib/f1tenth_control
Installing stanley script to /ws/install/f1tenth_control/lib/f1tenth_control

Installed /ws/build/f1tenth_control
running symlink_data
creating /ws/install/f1tenth_control/share/ament_index
creating /ws/install/f1tenth_control/share/ament_index/resource_index
creating /ws/install/f1tenth_control/share/ament_index/resource_index/packages
symbolically linking /ws/build/f1tenth_control/resource/f1tenth_control -> /ws/install/f1tenth_control/share/ament_index/resource_index/packages
symbolically linking /ws/build/f1tenth_control/package.xml -> /ws/install/f1tenth_control/share/f1tenth_control
creating /ws/install/f1tenth_control/share/f1tenth_control/launch
symbolically linking /ws/build/f1tenth_control/launch/pure_pursuit.launch.py -> /ws/install/f1tenth_control/share/f1tenth_control/launch
symbolically linking /ws/build/f1tenth_control/launch/stanley.launch.py -> /ws/install/f1tenth_control/share/f1tenth_control/launch
